2026-04-19 22:13:23,061 [INFO] Activator:176 - 


2026-04-19 22:13:23,062 [INFO] Activator:177 - !SESSION log4j initialized
2026-04-19 22:13:27,691 [INFO] LogOutputStream:77 - [STDOUT_REDIRECT] 
2026-04-19 22:13:29,300 [INFO] ApplicationProperties:184 - Using Application install path: C:\ST\STM32CubeIDE_1.16.1\STM32CubeIDE\plugins\com.st.stm32cube.common.mx_6.14.0.202502271554
2026-04-19 22:13:29,322 [INFO] DbMcusXml:78 - Set database path to: C:\ST\STM32CubeIDE_1.16.1\STM32CubeIDE\plugins\com.st.stm32cube.common.mx_6.14.0.202502271554\\db\/mcu/
2026-04-19 22:13:29,322 [INFO] ApiDb:274 - Set plugin database path to: C:\ST\STM32CubeIDE_1.16.1\STM32CubeIDE\plugins\com.st.stm32cube.common.mx_6.14.0.202502271554\\db\/plugins/boardmanager/
2026-04-19 22:13:29,323 [WARN] ApiDb:259 - Overriding images path with different value:  => C:\ST\STM32CubeIDE_1.16.1\STM32CubeIDE\plugins\com.st.stm32cube.common.mx_6.14.0.202502271554\\db\/plugins/mcufinder/images/
2026-04-19 22:13:29,334 [INFO] ApiDb:250 - Set database path to: C:\Users\johra\.stmcufinder\plugins\mcufinder//mcu/
2026-04-19 22:13:29,336 [INFO] DbMcusAds:125 - Set database path to: C:\Users\johra\.stmcufinder\plugins\mcufinder//mcu/
2026-04-19 22:13:29,337 [INFO] CrossReferenceDbSqlite:203 - Set database path to: C:\Users\johra\.stmcufinder\plugins\mcufinder//mcu/cs/
2026-04-19 22:13:29,438 [INFO] RulesReader:64 - Compatibility file has been processed (301 Rules)
2026-04-19 22:13:29,511 [INFO] DbMcusXml:78 - Set database path to: C:\ST\STM32CubeIDE_1.16.1\STM32CubeIDE\plugins\com.st.stm32cube.common.mx_6.14.0.202502271554\\db\/mcu/
2026-04-19 22:13:29,513 [INFO] ApiDb:274 - Set plugin database path to: C:\ST\STM32CubeIDE_1.16.1\STM32CubeIDE\plugins\com.st.stm32cube.common.mx_6.14.0.202502271554\\db\/plugins/boardmanager/
2026-04-19 22:13:29,513 [INFO] ApiDb:261 - Set plugin images path to: C:\ST\STM32CubeIDE_1.16.1\STM32CubeIDE\plugins\com.st.stm32cube.common.mx_6.14.0.202502271554\\db\/plugins/mcufinder/images/
2026-04-19 22:13:29,513 [WARN] DbFile:41 - Overriding database path with different value: C:\Users\johra\.stmcufinder\plugins\mcufinder/ => C:\Users\johra\.stmcufinder\plugins\mcufinder
2026-04-19 22:13:29,513 [INFO] ApiDb:250 - Set database path to: C:\Users\johra\.stmcufinder\plugins\mcufinder//mcu/
2026-04-19 22:13:29,513 [WARN] DbFile:41 - Overriding database path with different value: C:\Users\johra\.stmcufinder\plugins\mcufinder/ => C:\Users\johra\.stmcufinder\plugins\mcufinder
2026-04-19 22:13:29,513 [INFO] DbMcusAds:125 - Set database path to: C:\Users\johra\.stmcufinder\plugins\mcufinder//mcu/
2026-04-19 22:13:29,513 [WARN] DbFile:41 - Overriding database path with different value: C:\Users\johra\.stmcufinder\plugins\mcufinder/ => C:\Users\johra\.stmcufinder\plugins\mcufinder
2026-04-19 22:13:29,513 [WARN] DbFile:41 - Overriding database path with different value: C:\Users\johra\.stmcufinder\plugins\mcufinder/ => C:\Users\johra\.stmcufinder\plugins\mcufinder
2026-04-19 22:13:29,513 [INFO] CrossReferenceDbSqlite:203 - Set database path to: C:\Users\johra\.stmcufinder\plugins\mcufinder//mcu/cs/
2026-04-19 22:13:29,598 [INFO] MainPanel:272 - HeapMemory: 268435456
2026-04-19 22:13:29,757 [INFO] DbMcusXml:78 - Set database path to: C:\ST\STM32CubeIDE_1.16.1\STM32CubeIDE\plugins\com.st.stm32cube.common.mx_6.14.0.202502271554\\db\/mcu/
2026-04-19 22:13:29,757 [INFO] ApiDb:274 - Set plugin database path to: C:\ST\STM32CubeIDE_1.16.1\STM32CubeIDE\plugins\com.st.stm32cube.common.mx_6.14.0.202502271554\\db\/plugins/boardmanager/
2026-04-19 22:13:29,757 [INFO] ApiDb:261 - Set plugin images path to: C:\ST\STM32CubeIDE_1.16.1\STM32CubeIDE\plugins\com.st.stm32cube.common.mx_6.14.0.202502271554\\db\/plugins/mcufinder/images/
2026-04-19 22:13:29,757 [WARN] DbFile:41 - Overriding database path with different value: C:\Users\johra\.stmcufinder\plugins\mcufinder/ => C:\Users\johra\.stmcufinder\plugins\mcufinder
2026-04-19 22:13:29,757 [INFO] ApiDb:250 - Set database path to: C:\Users\johra\.stmcufinder\plugins\mcufinder//mcu/
2026-04-19 22:13:29,757 [WARN] DbFile:41 - Overriding database path with different value: C:\Users\johra\.stmcufinder\plugins\mcufinder/ => C:\Users\johra\.stmcufinder\plugins\mcufinder
2026-04-19 22:13:29,757 [INFO] DbMcusAds:125 - Set database path to: C:\Users\johra\.stmcufinder\plugins\mcufinder//mcu/
2026-04-19 22:13:29,757 [WARN] DbFile:41 - Overriding database path with different value: C:\Users\johra\.stmcufinder\plugins\mcufinder/ => C:\Users\johra\.stmcufinder\plugins\mcufinder
2026-04-19 22:13:29,757 [WARN] DbFile:41 - Overriding database path with different value: C:\Users\johra\.stmcufinder\plugins\mcufinder/ => C:\Users\johra\.stmcufinder\plugins\mcufinder
2026-04-19 22:13:29,757 [INFO] CrossReferenceDbSqlite:203 - Set database path to: C:\Users\johra\.stmcufinder\plugins\mcufinder//mcu/cs/
2026-04-19 22:13:29,778 [INFO] ApplicationProperties:184 - Using Application install path: C:\ST\STM32CubeIDE_1.16.1\STM32CubeIDE\plugins\com.st.stm32cube.common.mx_6.14.0.202502271554
2026-04-19 22:13:29,779 [INFO] PluginManage:196 - Search for loadable plugins [exclusion list=, ]
2026-04-19 22:13:29,781 [INFO] PluginManage:310 - Check plugin analytics
2026-04-19 22:13:29,979 [INFO] AnalyticsPlugin:253 - Accepted Software Licenses: 
2026-04-19 22:13:29,979 [INFO] AnalyticsPlugin:255 - Accepted CMSIS Pack Licenses: 
2026-04-19 22:13:29,979 [INFO] AnalyticsPlugin:257 - Accepted Firmware Licenses: FW.F4.1.28.0,FW.L4.1.18.0
2026-04-19 22:13:29,981 [INFO] PluginManage:359 - Loaded plugin analytics (category:tool,tabindex:-1)
2026-04-19 22:13:29,981 [INFO] PluginManage:310 - Check plugin cadmodel
2026-04-19 22:13:29,988 [INFO] CADModel:105 - Init CAD model plugin
2026-04-19 22:13:29,988 [INFO] PluginManage:359 - Loaded plugin cadmodel (category:power,tabindex:5)
2026-04-19 22:13:29,988 [INFO] PluginManage:310 - Check plugin clock
2026-04-19 22:13:30,024 [INFO] PluginManage:359 - Loaded plugin clock (category:base,tabindex:2)
2026-04-19 22:13:30,024 [INFO] PluginManage:310 - Check plugin ddr
2026-04-19 22:13:30,026 [INFO] PluginManage:359 - Loaded plugin ddr (category:tool,tabindex:6)
2026-04-19 22:13:30,026 [INFO] PluginManage:310 - Check plugin filemanager
2026-04-19 22:13:30,174 [INFO] PluginManage:359 - Loaded plugin filemanager (category:base,tabindex:10)
2026-04-19 22:13:30,174 [INFO] PluginManage:310 - Check plugin ipmanager
2026-04-19 22:13:30,181 [INFO] PluginManage:359 - Loaded plugin ipmanager (category:base,tabindex:5)
2026-04-19 22:13:30,181 [INFO] PluginManage:310 - Check plugin lpbam
2026-04-19 22:13:30,190 [INFO] PluginManage:359 - Loaded plugin lpbam (category:base,tabindex:0)
2026-04-19 22:13:30,190 [INFO] PluginManage:310 - Check plugin memorymap
2026-04-19 22:13:30,207 [INFO] PluginManage:359 - Loaded plugin memorymap (category:base,tabindex:4)
2026-04-19 22:13:30,207 [INFO] PluginManage:310 - Check plugin pinoutandconfiguration
2026-04-19 22:13:30,216 [INFO] PluginManage:359 - Loaded plugin pinoutandconfiguration (category:base,tabindex:1)
2026-04-19 22:13:30,216 [INFO] PluginManage:310 - Check plugin pinoutconfig
2026-04-19 22:13:30,288 [WARN] SupportedApi:132 - Cannot load RTOS API schema: s4s-elt-must-match.1: The content of 'definitions' must match (annotation?, (simpleType | complexType)?, (unique | key | keyref)*)). A problem was found starting at: attribute.
2026-04-19 22:13:30,408 [INFO] PluginManage:359 - Loaded plugin pinoutconfig (category:base,tabindex:0)
2026-04-19 22:13:30,408 [INFO] PluginManage:310 - Check plugin power
2026-04-19 22:13:30,422 [INFO] PluginManage:359 - Loaded plugin power (category:power,tabindex:4)
2026-04-19 22:13:30,422 [INFO] PluginManage:310 - Check plugin projectmanager
2026-04-19 22:13:30,434 [INFO] PluginManage:359 - Loaded plugin projectmanager (category:projectmanager,tabindex:4)
2026-04-19 22:13:30,434 [INFO] PluginManage:310 - Check plugin rif
2026-04-19 22:13:30,442 [INFO] PluginManage:359 - Loaded plugin rif (category:base,tabindex:3)
2026-04-19 22:13:30,442 [INFO] PluginManage:310 - Check plugin thirdparty
2026-04-19 22:13:30,589 [INFO] PluginManage:359 - Loaded plugin thirdparty (category:base,tabindex:-1)
2026-04-19 22:13:30,589 [WARN] IntegrityCheckThread:84 - waiting for thirdparty lock release [integrity check]
2026-04-19 22:13:30,590 [INFO] IntegrityCheckThread:86 - entering critical section [integrity check]
2026-04-19 22:13:30,590 [INFO] PluginManage:310 - Check plugin tools
2026-04-19 22:13:30,591 [INFO] ThirdPartyUpdaterWithRetryManager:70 - Updater plugin not ready yet. [1/15]
2026-04-19 22:13:30,594 [INFO] PluginManage:359 - Loaded plugin tools (category:base,tabindex:7)
2026-04-19 22:13:30,594 [INFO] PluginManage:310 - Check plugin tutovideos
2026-04-19 22:13:30,797 [INFO] PluginManage:359 - Loaded plugin tutovideos (category:base,tabindex:-1)
2026-04-19 22:13:30,797 [INFO] PluginManage:310 - Check plugin updater
2026-04-19 22:13:30,826 [INFO] PluginManage:359 - Loaded plugin updater (category:base,tabindex:12)
2026-04-19 22:13:30,826 [INFO] PluginManage:310 - Check plugin userauth
2026-04-19 22:13:30,835 [INFO] UserAuth:118 - Init User Auth plugin
2026-04-19 22:13:30,836 [INFO] PluginManage:359 - Loaded plugin userauth (category:base,tabindex:14)
2026-04-19 22:13:30,837 [INFO] PluginManage:283 - PluginManage : Loaded plugins [18]
2026-04-19 22:13:31,058 [INFO] PinOutPanel:1589 - setPackage(No Configuration,No Configuration)
2026-04-19 22:13:31,144 [INFO] CADModel:165 - CPN selected for project level
2026-04-19 22:13:31,144 [INFO] CADModel:114 - Register for checkConnection events
2026-04-19 22:13:31,170 [INFO] IPUIPlugin:80 - create IPUIPlugin
2026-04-19 22:13:31,170 [INFO] PluginManager:220 - loadIPPluginJar : add adc
2026-04-19 22:13:31,173 [INFO] IPUIPlugin:80 - create IPUIPlugin
2026-04-19 22:13:31,173 [INFO] PluginManager:220 - loadIPPluginJar : add aes
2026-04-19 22:13:31,176 [INFO] IPUIPlugin:80 - create IPUIPlugin
2026-04-19 22:13:31,177 [INFO] PluginManager:220 - loadIPPluginJar : add can
2026-04-19 22:13:31,179 [INFO] IPUIPlugin:80 - create IPUIPlugin
2026-04-19 22:13:31,179 [INFO] PluginManager:220 - loadIPPluginJar : add comp
2026-04-19 22:13:31,183 [INFO] IPUIPlugin:80 - create IPUIPlugin
2026-04-19 22:13:31,183 [INFO] PluginManager:220 - loadIPPluginJar : add cryp
2026-04-19 22:13:31,187 [INFO] IPUIPlugin:80 - create IPUIPlugin
2026-04-19 22:13:31,187 [INFO] PluginManager:220 - loadIPPluginJar : add ddr_ctrl_phy
2026-04-19 22:13:31,190 [INFO] IPUIPlugin:80 - create IPUIPlugin
2026-04-19 22:13:31,190 [INFO] PluginManager:220 - loadIPPluginJar : add dfsdm
2026-04-19 22:13:31,196 [INFO] IPUIPlugin:80 - create IPUIPlugin
2026-04-19 22:13:31,196 [INFO] PluginManager:220 - loadIPPluginJar : add dma
2026-04-19 22:13:31,200 [INFO] IPUIPlugin:80 - create IPUIPlugin
2026-04-19 22:13:31,200 [INFO] PluginManager:220 - loadIPPluginJar : add dma3
2026-04-19 22:13:31,203 [INFO] IPUIPlugin:80 - create IPUIPlugin
2026-04-19 22:13:31,203 [INFO] PluginManager:220 - loadIPPluginJar : add extmemmanager
2026-04-19 22:13:31,204 [INFO] IPUIPlugin:80 - create IPUIPlugin
2026-04-19 22:13:31,204 [INFO] PluginManager:220 - loadIPPluginJar : add fatfs
2026-04-19 22:13:31,210 [INFO] IPUIPlugin:80 - create IPUIPlugin
2026-04-19 22:13:31,210 [INFO] PluginManager:220 - loadIPPluginJar : add fmc
2026-04-19 22:13:31,217 [INFO] IPUIPlugin:80 - create IPUIPlugin
2026-04-19 22:13:31,217 [INFO] PluginManager:220 - loadIPPluginJar : add freertos
2026-04-19 22:13:31,222 [INFO] IPUIPlugin:80 - create IPUIPlugin
2026-04-19 22:13:31,222 [INFO] PluginManager:220 - loadIPPluginJar : add genericplugin
2026-04-19 22:13:31,226 [INFO] IPUIPlugin:80 - create IPUIPlugin
2026-04-19 22:13:31,226 [INFO] PluginManager:220 - loadIPPluginJar : add gfxmmu
2026-04-19 22:13:31,231 [INFO] IPUIPlugin:80 - create IPUIPlugin
2026-04-19 22:13:31,231 [INFO] PluginManager:220 - loadIPPluginJar : add gic
2026-04-19 22:13:31,243 [INFO] IPUIPlugin:80 - create IPUIPlugin
2026-04-19 22:13:31,243 [INFO] PluginManager:220 - loadIPPluginJar : add gpio
2026-04-19 22:13:31,246 [INFO] IPUIPlugin:80 - create IPUIPlugin
2026-04-19 22:13:31,246 [INFO] PluginManager:220 - loadIPPluginJar : add gtzc
2026-04-19 22:13:31,250 [INFO] IPUIPlugin:80 - create IPUIPlugin
2026-04-19 22:13:31,250 [INFO] PluginManager:220 - loadIPPluginJar : add hash
2026-04-19 22:13:31,251 [INFO] IPUIPlugin:80 - create IPUIPlugin
2026-04-19 22:13:31,251 [INFO] PluginManager:220 - loadIPPluginJar : add i2c
2026-04-19 22:13:31,253 [INFO] IPUIPlugin:80 - create IPUIPlugin
2026-04-19 22:13:31,254 [INFO] PluginManager:220 - loadIPPluginJar : add i2s
2026-04-19 22:13:31,256 [INFO] IPUIPlugin:80 - create IPUIPlugin
2026-04-19 22:13:31,256 [INFO] PluginManager:220 - loadIPPluginJar : add i3c
2026-04-19 22:13:31,260 [INFO] IPUIPlugin:80 - create IPUIPlugin
2026-04-19 22:13:31,260 [INFO] PluginManager:220 - loadIPPluginJar : add ipddr
2026-04-19 22:13:31,267 [INFO] IPUIPlugin:80 - create IPUIPlugin
2026-04-19 22:13:31,267 [INFO] PluginManager:220 - loadIPPluginJar : add linkedlist
2026-04-19 22:13:31,271 [INFO] IPUIPlugin:80 - create IPUIPlugin
2026-04-19 22:13:31,271 [INFO] PluginManager:220 - loadIPPluginJar : add lorawan
2026-04-19 22:13:31,272 [INFO] IPUIPlugin:80 - create IPUIPlugin
2026-04-19 22:13:31,272 [INFO] PluginManager:220 - loadIPPluginJar : add ltdc
2026-04-19 22:13:31,278 [INFO] IPUIPlugin:80 - create IPUIPlugin
2026-04-19 22:13:31,279 [INFO] PluginManager:220 - loadIPPluginJar : add mdma
2026-04-19 22:13:31,282 [INFO] IPUIPlugin:80 - create IPUIPlugin
2026-04-19 22:13:31,282 [INFO] PluginManager:220 - loadIPPluginJar : add nvic
2026-04-19 22:13:31,285 [INFO] IPUIPlugin:80 - create IPUIPlugin
2026-04-19 22:13:31,285 [INFO] PluginManager:220 - loadIPPluginJar : add opamp
2026-04-19 22:13:31,287 [INFO] IPUIPlugin:80 - create IPUIPlugin
2026-04-19 22:13:31,288 [INFO] PluginManager:220 - loadIPPluginJar : add openamp
2026-04-19 22:13:31,294 [INFO] IPUIPlugin:80 - create IPUIPlugin
2026-04-19 22:13:31,294 [INFO] PluginManager:220 - loadIPPluginJar : add pdm2pcm
2026-04-19 22:13:31,300 [INFO] IPUIPlugin:80 - create IPUIPlugin
2026-04-19 22:13:31,302 [INFO] PluginManager:220 - loadIPPluginJar : add plateformsettings
2026-04-19 22:13:31,303 [INFO] IPUIPlugin:80 - create IPUIPlugin
2026-04-19 22:13:31,303 [INFO] PluginManager:220 - loadIPPluginJar : add quadspi
2026-04-19 22:13:31,305 [INFO] IPUIPlugin:80 - create IPUIPlugin
2026-04-19 22:13:31,305 [INFO] PluginManager:220 - loadIPPluginJar : add radio
2026-04-19 22:13:31,326 [INFO] IPUIPlugin:80 - create IPUIPlugin
2026-04-19 22:13:31,327 [INFO] PluginManager:220 - loadIPPluginJar : add resmgrutility
2026-04-19 22:13:31,330 [INFO] IPUIPlugin:80 - create IPUIPlugin
2026-04-19 22:13:31,330 [INFO] PluginManager:220 - loadIPPluginJar : add sai
2026-04-19 22:13:31,332 [INFO] IPUIPlugin:80 - create IPUIPlugin
2026-04-19 22:13:31,332 [INFO] PluginManager:220 - loadIPPluginJar : add spi
2026-04-19 22:13:31,337 [INFO] IPUIPlugin:80 - create IPUIPlugin
2026-04-19 22:13:31,337 [INFO] PluginManager:220 - loadIPPluginJar : add stm32_wpan
2026-04-19 22:13:31,339 [INFO] IPUIPlugin:80 - create IPUIPlugin
2026-04-19 22:13:31,339 [INFO] PluginManager:220 - loadIPPluginJar : add tim
2026-04-19 22:13:31,342 [INFO] IPUIPlugin:80 - create IPUIPlugin
2026-04-19 22:13:31,343 [INFO] PluginManager:220 - loadIPPluginJar : add touchsensing
2026-04-19 22:13:31,346 [INFO] IPUIPlugin:80 - create IPUIPlugin
2026-04-19 22:13:31,346 [INFO] PluginManager:220 - loadIPPluginJar : add tracer_emb
2026-04-19 22:13:31,348 [INFO] IPUIPlugin:80 - create IPUIPlugin
2026-04-19 22:13:31,348 [INFO] PluginManager:220 - loadIPPluginJar : add ts
2026-04-19 22:13:31,350 [INFO] IPUIPlugin:80 - create IPUIPlugin
2026-04-19 22:13:31,350 [INFO] PluginManager:220 - loadIPPluginJar : add tsc
2026-04-19 22:13:31,352 [INFO] IPUIPlugin:80 - create IPUIPlugin
2026-04-19 22:13:31,352 [INFO] PluginManager:220 - loadIPPluginJar : add ucpd
2026-04-19 22:13:31,354 [INFO] IPUIPlugin:80 - create IPUIPlugin
2026-04-19 22:13:31,354 [INFO] PluginManager:220 - loadIPPluginJar : add usart
2026-04-19 22:13:31,358 [INFO] IPUIPlugin:80 - create IPUIPlugin
2026-04-19 22:13:31,359 [INFO] PluginManager:220 - loadIPPluginJar : add usbx
2026-04-19 22:13:31,474 [FATAL] Updater:351 - Updater called before beeing initialized
2026-04-19 22:13:31,496 [INFO] RulesReader:64 - Compatibility file has been processed (301 Rules)
2026-04-19 22:13:31,505 [INFO] RulesReader:64 - Compatibility file has been processed (301 Rules)
2026-04-19 22:13:31,515 [INFO] CADModel:165 - CPN selected for project level
2026-04-19 22:13:31,516 [INFO] CADModel:114 - Register for checkConnection events
2026-04-19 22:13:31,516 [FATAL] Updater:351 - Updater called before beeing initialized
2026-04-19 22:13:31,516 [ERROR] CADModel:125 - Updater not yet initialized, retry later 
2026-04-19 22:13:31,657 [FATAL] Updater:351 - Updater called before beeing initialized
2026-04-19 22:13:31,660 [INFO] CADModel:165 - CPN selected for project level
2026-04-19 22:13:31,660 [INFO] CADModel:114 - Register for checkConnection events
2026-04-19 22:13:31,660 [FATAL] Updater:351 - Updater called before beeing initialized
2026-04-19 22:13:31,660 [ERROR] CADModel:125 - Updater not yet initialized, retry later 
2026-04-19 22:13:31,663 [FATAL] Updater:351 - Updater called before beeing initialized
2026-04-19 22:13:31,748 [FATAL] Updater:351 - Updater called before beeing initialized
2026-04-19 22:13:31,752 [INFO] DbMcusAds:53 - JSON generation date=Fri Apr 10 11:19:02 CEST 2026 (1775812742310)
2026-04-19 22:13:31,752 [FATAL] Updater:351 - Updater called before beeing initialized
2026-04-19 22:13:31,795 [WARN] DetailPanel:346 - Failed to get advertising image, set to default
2026-04-19 22:13:31,969 [FATAL] Updater:351 - Updater called before beeing initialized
2026-04-19 22:13:31,971 [FATAL] Updater:351 - Updater called before beeing initialized
2026-04-19 22:13:31,971 [FATAL] Updater:351 - Updater called before beeing initialized
2026-04-19 22:13:31,971 [WARN] DetailPanel:346 - Failed to get advertising image, set to default
2026-04-19 22:13:31,971 [FATAL] Updater:351 - Updater called before beeing initialized
2026-04-19 22:13:32,027 [ERROR] Updater:1198 - MainUpdater not yet initialized. External WinMGr cannot be set.
2026-04-19 22:13:32,029 [INFO] Updater:1134 - Updater Version found : 6.14.0
2026-04-19 22:13:32,045 [INFO] ApplicationProperties:184 - Using Application install path: C:\ST\STM32CubeIDE_1.16.1\STM32CubeIDE\plugins\com.st.stm32cube.common.mx_6.14.0.202502271554
2026-04-19 22:13:33,592 [INFO] ThirdPartyUpdaterWithRetryManager:70 - Updater plugin not ready yet. [2/15]
2026-04-19 22:13:33,621 [ERROR] LogOutputStream:75 - [STDERR_REDIRECT] Apr 19, 2026 10:13:33 PM java.util.prefs.WindowsPreferences <init>
2026-04-19 22:13:33,623 [ERROR] LogOutputStream:75 - [STDERR_REDIRECT] WARNING: Could not open/create prefs root node Software\JavaSoft\Prefs at root 0xffffffff80000002. Windows RegCreateKeyEx(...) returned error code 5.
2026-04-19 22:13:33,623 [ERROR] LogOutputStream:75 - [STDERR_REDIRECT] 
2026-04-19 22:13:34,135 [INFO] MainUpdater:2872 - connection check result : 10
2026-04-19 22:13:34,135 [INFO] MainUpdater:3566 - Updater definition file requires update
2026-04-19 22:13:34,136 [INFO] MainUpdater:289 - Updater Check For Update Now.
2026-04-19 22:13:34,136 [INFO] MicroXplorer:498 - Change Database Version : DB.6.0.140
2026-04-19 22:13:34,140 [INFO] McuFinderGlobals:63 - Set McuFinder mode to 2 (CubeIDE integrated)
2026-04-19 22:13:34,141 [INFO] UserAuth:486 - Internet connection configuration mode: 1
2026-04-19 22:13:34,167 [INFO] JxBrowserEngine:152 - Initiate JxBrowser Engine with user profile folder
2026-04-19 22:13:34,494 [INFO] ServerAccessManage:473 - Download File updaters.zip
2026-04-19 22:13:34,586 [INFO] FileExtend:242 - Unzip File : updaters.zip
2026-04-19 22:13:34,586 [INFO] FileExtend:257 - Standard Zip Deflate
2026-04-19 22:13:35,188 [INFO] ServerAccessManage:473 - Download File PacksControlFlags.xml
2026-04-19 22:13:35,512 [INFO] ServerAccessManage:473 - Download File cubemx.pidx
2026-04-19 22:13:36,593 [INFO] WebApp:169 - Instantiating new browser for Auth
2026-04-19 22:13:36,595 [WARN] MainUpdater:1193 - Updater busy. Cannot search thirdparties
2026-04-19 22:13:36,595 [INFO] ThirdPartyUpdaterWithRetryManager:96 - Updater plugin is busy. [1/15]
2026-04-19 22:13:36,843 [INFO] ServerAccessManage:473 - Download File STMicroelectronics.X-CUBE-ST67W61.pdsc
2026-04-19 22:13:37,373 [WARN] PopulateThirdPartyThread:106 - Error when creating pack: C:/Users/johra/.stm32cubemx/thirdparties/pdsc/STMicroelectronics.X-CUBE-ST67W61.pdsc
2026-04-19 22:13:37,373 [INFO] PopulateThirdPartyThread:66 - Ending populate Thread
2026-04-19 22:13:37,373 [INFO] LoadServerUpdatesThread:375 - End of LoadServerUpdate Thread
2026-04-19 22:13:37,507 [INFO] CheckServerUpdateThread:120 - End of CheckServer Thread
2026-04-19 22:13:37,576 [INFO] WebApp:463 - Apply proxy settings
2026-04-19 22:13:37,577 [INFO] WebApp:548 - Chromium requires no authentication
2026-04-19 22:13:37,587 [INFO] WebApp:491 - Direct internet connection detected
2026-04-19 22:13:37,619 [INFO] WebApp:894 - Register for checkConnection events
2026-04-19 22:13:37,619 [INFO] WebApp:463 - Apply proxy settings
2026-04-19 22:13:37,619 [INFO] WebApp:548 - Chromium requires no authentication
2026-04-19 22:13:37,619 [INFO] WebApp:491 - Direct internet connection detected
2026-04-19 22:13:37,811 [INFO] WebApp:225 - Starting web application
2026-04-19 22:13:37,811 [INFO] WebApp:593 - Web application path used C:\ST\STM32CubeIDE_1.16.1\STM32CubeIDE\plugins\com.st.stm32cube.common.mx_6.14.0.202502271554\db\plugins\mcufinder\reactClient1\index.html
2026-04-19 22:13:37,929 [INFO] UserAuth:486 - Internet connection configuration mode: 1
2026-04-19 22:13:38,078 [INFO] WebApp:191 - Connection restablished
2026-04-19 22:13:40,058 [WARN] PackLoader:240 - Cannot read IP mode file for STMicroelectronics.FP-SNS-MOTENVWB1.1.4.0
2026-04-19 22:13:40,070 [WARN] PackLoader:240 - Cannot read IP mode file for STMicroelectronics.FP-ATR-ASTRA1.2.0.2
2026-04-19 22:13:40,076 [WARN] PackLoader:240 - Cannot read IP mode file for STMicroelectronics.FP-ATR-ASTRA1.2.0.1
2026-04-19 22:13:40,087 [WARN] PackLoader:240 - Cannot read IP mode file for STMicroelectronics.X-CUBE-SMBUS.2.1.0
2026-04-19 22:13:40,096 [WARN] PackLoader:240 - Cannot read IP mode file for STMicroelectronics.X-CUBE-WB05N.1.1.0
2026-04-19 22:13:40,104 [WARN] PackLoader:240 - Cannot read IP mode file for STMicroelectronics.X-CUBE-ST60.1.0.0
2026-04-19 22:13:40,138 [WARN] PackLoader:240 - Cannot read IP mode file for STMicroelectronics.X-CUBE-AZRTOS-F7.1.1.0
2026-04-19 22:13:40,208 [WARN] PackLoader:240 - Cannot read IP mode file for STMicroelectronics.X-CUBE-MEMS1.11.0.0
2026-04-19 22:13:40,343 [ERROR] Engine:466 - C:\Users\johra\.stm32cubemx\thirdparties\pdsc\STMicroelectronics.FP-SNS-MOTENV1.5.1.0.pdsc: PDSC version is not supported
2026-04-19 22:13:40,350 [WARN] PackLoader:240 - Cannot read IP mode file for STMicroelectronics.FP-SNS-FLIGHT1.5.0.2
2026-04-19 22:13:40,370 [WARN] PackLoader:240 - Cannot read IP mode file for Infineon.AIROC-Wi-Fi-Bluetooth-STM32.1.7.0
2026-04-19 22:13:40,393 [WARN] PackLoader:240 - Cannot read IP mode file for STMicroelectronics.X-CUBE-AZRTOS-H7.3.4.0
2026-04-19 22:13:40,403 [WARN] PackLoader:240 - Cannot read IP mode file for STMicroelectronics.X-CUBE-DISPLAY.3.0.0
2026-04-19 22:13:40,408 [ERROR] Engine:466 - C:\Users\johra\.stm32cubemx\thirdparties\pdsc\STMicroelectronics.FP-SNS-MOTENVWB1.1.5.0.pdsc: PDSC version is not supported
2026-04-19 22:13:40,414 [WARN] PackLoader:240 - Cannot read IP mode file for STMicroelectronics.X-CUBE-BLE1.7.0.0
2026-04-19 22:13:40,422 [WARN] PackLoader:240 - Cannot read IP mode file for STMicroelectronics.X-CUBE-NFC10.1.0.0
2026-04-19 22:13:40,432 [WARN] PackLoader:240 - Cannot read IP mode file for STMicroelectronics.X-CUBE-BLEMGR.4.0.0
2026-04-19 22:13:40,440 [WARN] PackLoader:240 - Cannot read IP mode file for STMicroelectronics.X-CUBE-ST60.1.1.0
2026-04-19 22:13:40,447 [WARN] PackLoader:240 - Cannot read IP mode file for emotas.I-CUBE-CANOPEN.1.3.0
2026-04-19 22:13:40,453 [WARN] PackLoader:240 - Cannot read IP mode file for STMicroelectronics.X-CUBE-GNSS1.7.1.0
2026-04-19 22:13:40,462 [WARN] PackLoader:240 - Cannot read IP mode file for STMicroelectronics.X-CUBE-BLEMGR.3.1.0
2026-04-19 22:13:40,469 [WARN] PackLoader:240 - Cannot read IP mode file for STMicroelectronics.X-CUBE-AI.10.0.0
2026-04-19 22:13:40,474 [ERROR] Engine:466 - C:\Users\johra\.stm32cubemx\thirdparties\pdsc\STMicroelectronics.FP-SNS-STBOX1.2.1.0.pdsc: PDSC version is not supported
2026-04-19 22:13:40,480 [WARN] PackLoader:240 - Cannot read IP mode file for STMicroelectronics.FP-SNS-SMARTAG2.1.2.0
2026-04-19 22:13:40,484 [WARN] PackLoader:240 - Cannot read IP mode file for STMicroelectronics.FP-SNS-FLIGHT1.5.1.0
2026-04-19 22:13:40,526 [WARN] PackLoader:240 - Cannot read IP mode file for STMicroelectronics.X-CUBE-MEMS1.11.1.0
2026-04-19 22:13:40,643 [INFO] LogOutputStream:77 - [STDOUT_REDIRECT] 1 : Invalid condition id : UX_CORESTACK_Condition cause : null
2026-04-19 22:13:40,643 [INFO] LogOutputStream:77 - [STDOUT_REDIRECT] 1 : Invalid condition id : UX_CORESTACK_Condition cause : null
2026-04-19 22:13:40,645 [INFO] LogOutputStream:77 - [STDOUT_REDIRECT] 1 : Invalid condition id : UX_CORESTACK_Condition cause : null
2026-04-19 22:13:40,646 [INFO] LogOutputStream:77 - [STDOUT_REDIRECT] 1 : Invalid condition id : UX_CORESTACK_Condition cause : null
2026-04-19 22:13:40,648 [INFO] LogOutputStream:77 - [STDOUT_REDIRECT] 1 : Invalid condition id : UX_CORESTACK_Condition cause : null
2026-04-19 22:13:40,650 [WARN] PackLoader:240 - Cannot read IP mode file for STMicroelectronics.X-CUBE-AZRTOS-WL.2.0.0
2026-04-19 22:13:40,656 [WARN] PackLoader:240 - Cannot read IP mode file for STMicroelectronics.FP-SNS-MOTENV1.5.0.0
2026-04-19 22:13:40,672 [WARN] PackLoader:240 - Cannot read IP mode file for STMicroelectronics.X-CUBE-AZRTOS-H7RS.1.2.0
2026-04-19 22:13:40,680 [WARN] PackLoader:240 - Cannot read IP mode file for wolfSSL.I-CUBE-wolfMQTT.1.19.0
2026-04-19 22:13:40,687 [WARN] PackLoader:240 - Cannot read IP mode file for WES.I-CUBE-Cesium.1.3.0
2026-04-19 22:13:40,693 [WARN] PackLoader:240 - Cannot read IP mode file for STMicroelectronics.X-CUBE-BLE2.3.3.0
2026-04-19 22:13:40,716 [WARN] PackLoader:240 - Cannot read IP mode file for STMicroelectronics.X-CUBE-NFC9.1.0.0
2026-04-19 22:13:40,721 [WARN] PackLoader:240 - Cannot read IP mode file for STMicroelectronics.X-CUBE-BLE1.7.1.0
2026-04-19 22:13:40,729 [WARN] PackLoader:240 - Cannot read IP mode file for STMicroelectronics.X-CUBE-TCPP.4.1.0
2026-04-19 22:13:40,733 [ERROR] Engine:466 - C:\Users\johra\.stm32cubemx\thirdparties\pdsc\STMicroelectronics.X-CUBE-FREERTOS.1.4.0.pdsc: PDSC version is not supported
2026-04-19 22:13:40,740 [WARN] PackLoader:240 - Cannot read IP mode file for STMicroelectronics.X-CUBE-EEPRMA1.5.2.0
2026-04-19 22:13:40,746 [ERROR] Engine:466 - C:\Users\johra\.stm32cubemx\thirdparties\pdsc\STMicroelectronics.X-CUBE-ST67W61.1.1.0.pdsc: PDSC version is not supported
2026-04-19 22:13:40,755 [WARN] PackLoader:240 - Cannot read IP mode file for STMicroelectronics.X-CUBE-AI.10.1.0
2026-04-19 22:13:40,788 [WARN] PackLoader:240 - Cannot read IP mode file for STMicroelectronics.X-CUBE-MEMS1.12.0.0
2026-04-19 22:13:40,876 [WARN] PackLoader:240 - Cannot read IP mode file for STMicroelectronics.X-CUBE-MEMS1.11.2.0
2026-04-19 22:13:40,985 [WARN] PackLoader:240 - Cannot read IP mode file for STMicroelectronics.X-CUBE-AZRTOS-G0.1.1.0
2026-04-19 22:13:40,994 [WARN] PackLoader:240 - Cannot read IP mode file for STMicroelectronics.X-CUBE-SAFEA1.1.2.2
2026-04-19 22:13:41,001 [WARN] PackLoader:240 - Cannot read IP mode file for STMicroelectronics.X-CUBE-NFC4.3.0.0
2026-04-19 22:13:41,022 [WARN] PackLoader:240 - Cannot read IP mode file for EmbeddedOffice.I-CUBE-FS-RTOS.1.0.1
2026-04-19 22:13:41,029 [WARN] PackLoader:240 - Cannot read IP mode file for STMicroelectronics.X-CUBE-WB05N.2.0.0
2026-04-19 22:13:41,037 [WARN] PackLoader:240 - Cannot read IP mode file for STMicroelectronics.X-CUBE-TCPP.4.2.0
2026-04-19 22:13:41,042 [WARN] PackLoader:240 - Cannot read IP mode file for RealThread.X-CUBE-RT-Thread_Nano.4.1.1
2026-04-19 22:13:41,047 [WARN] PackLoader:240 - Cannot read IP mode file for STMicroelectronics.FP-ATR-SIGFOX1.3.2.0
2026-04-19 22:13:41,055 [WARN] ConditionMgr:438 - getConditionDescription Invalid condition id : Cortex-A Device cause : null
2026-04-19 22:13:41,062 [WARN] ConditionMgr:1044 - genDependencies : Invalid condition id : Cortex-A Device cause : null
2026-04-19 22:13:41,062 [WARN] ConditionMgr:1044 - genDependencies : Invalid condition id : Cortex-A Device cause : null
2026-04-19 22:13:41,062 [WARN] ConditionMgr:1044 - genDependencies : Invalid condition id : Cortex-A Device cause : null
2026-04-19 22:13:41,068 [WARN] PackLoader:240 - Cannot read IP mode file for STMicroelectronics.X-CUBE-EEPRMA1.5.1.0
2026-04-19 22:13:41,072 [WARN] PackLoader:240 - Cannot read IP mode file for wolfSSL.I-CUBE-wolfSSL.5.7.4
2026-04-19 22:13:41,085 [WARN] PackLoader:240 - Cannot read IP mode file for ITTIA_DB.I-CUBE-ITTIADB.8.9.0
2026-04-19 22:13:41,093 [WARN] PackLoader:240 - Cannot read IP mode file for STMicroelectronics.X-CUBE-NFC6.3.2.0
2026-04-19 22:13:41,101 [WARN] PackLoader:240 - Cannot read IP mode file for STMicroelectronics.X-CUBE-ST67W61.1.0.0
2026-04-19 22:13:41,106 [WARN] PackLoader:240 - Cannot read IP mode file for STMicroelectronics.X-CUBE-AI.10.2.0
2026-04-19 22:13:41,127 [WARN] PackLoader:240 - Cannot read IP mode file for SEGGER.I-CUBE-embOS.1.3.1
2026-04-19 22:13:41,154 [WARN] PackLoader:240 - Cannot read IP mode file for STMicroelectronics.X-CUBE-ALGOBUILD.1.4.0
2026-04-19 22:13:41,188 [WARN] PackLoader:240 - Cannot read IP mode file for STMicroelectronics.X-CUBE-MEMS1.11.3.0
2026-04-19 22:13:41,281 [WARN] PackLoader:240 - Cannot read IP mode file for STMicroelectronics.X-CUBE-AI.9.1.0
2026-04-19 22:13:41,287 [WARN] PackLoader:240 - Cannot read IP mode file for STMicroelectronics.X-CUBE-PM33A1.1.0.0
2026-04-19 22:13:41,301 [WARN] PackLoader:240 - Cannot read IP mode file for STMicroelectronics.X-CUBE-AZRTOS-F4.1.1.0
2026-04-19 22:13:41,308 [WARN] PackLoader:240 - Cannot read IP mode file for Avnet-IotConnect.X-CUBE-IoTC-DA16k-PMOD.1.0.0
2026-04-19 22:13:41,313 [WARN] PackLoader:240 - Cannot read IP mode file for STMicroelectronics.X-CUBE-ISPU.2.1.0
2026-04-19 22:13:41,319 [ERROR] Engine:466 - C:\Users\johra\.stm32cubemx\thirdparties\pdsc\STMicroelectronics.X-CUBE-IPS.3.2.0.pdsc: PDSC version is not supported
2026-04-19 22:13:41,323 [WARN] PackLoader:240 - Cannot read IP mode file for STMicroelectronics.eDS-WB_DPC_TT-BIDIR.2.1.1
2026-04-19 22:13:41,329 [WARN] PackLoader:240 - Cannot read IP mode file for STMicroelectronics.X-CUBE-FREERTOS.1.2.0
2026-04-19 22:13:41,335 [WARN] PackLoader:240 - Cannot read IP mode file for STMicroelectronics.X-CUBE-NFC12.1.0.0
2026-04-19 22:13:41,349 [WARN] PackLoader:240 - Cannot read IP mode file for STMicroelectronics.X-CUBE-AZRTOS-L5.2.0.0
2026-04-19 22:13:41,360 [WARN] PackLoader:240 - Cannot read IP mode file for STMicroelectronics.X-CUBE-NFC6.3.1.0
2026-04-19 22:13:41,431 [WARN] PackLoader:240 - Cannot read IP mode file for STMicroelectronics.X-CUBE-DPower.1.2.0
2026-04-19 22:13:41,437 [WARN] PackLoader:240 - Cannot read IP mode file for STMicroelectronics.eDS-WB_DPC_VIENNA.1.2.0
2026-04-19 22:13:41,441 [WARN] PackLoader:240 - Cannot read IP mode file for STMicroelectronics.eDS-WB_DPC_3PH2L-BIDIR.1.1.1
2026-04-19 22:13:41,445 [ERROR] Engine:466 - C:\Users\johra\.stm32cubemx\thirdparties\pdsc\STMicroelectronics.X-CUBE-ST67W61.1.3.0.pdsc: PDSC version is not supported
2026-04-19 22:13:41,449 [WARN] PackLoader:240 - Cannot read IP mode file for STMicroelectronics.X-CUBE-FREERTOS.1.3.1
2026-04-19 22:13:41,454 [WARN] PackLoader:240 - Cannot read IP mode file for STMicroelectronics.X-CUBE-FREERTOS.1.3.0
2026-04-19 22:13:41,460 [WARN] PackLoader:240 - Cannot read IP mode file for STMicroelectronics.X-CUBE-NFC7.1.0.1
2026-04-19 22:13:41,467 [WARN] PackLoader:240 - Cannot read IP mode file for STMicroelectronics.X-CUBE-TOUCHGFX.4.26.0
2026-04-19 22:13:41,474 [WARN] PackLoader:240 - Cannot read IP mode file for STMicroelectronics.FP-SNS-STAIOTCFT.1.0.0
2026-04-19 22:13:41,480 [WARN] PackLoader:240 - Cannot read IP mode file for STMicroelectronics.X-CUBE-DPower.1.3.0
2026-04-19 22:13:41,496 [WARN] ConditionMgr:438 - getConditionDescription Invalid condition id : LAN8742 Phy interface Condition cause : null
2026-04-19 22:13:41,497 [WARN] PackLoader:240 - Cannot read IP mode file for STMicroelectronics.X-CUBE-AZRTOS-L4.2.0.0
2026-04-19 22:13:41,498 [WARN] ConditionMgr:1044 - genDependencies : Invalid condition id : LAN8742 Phy interface Condition cause : null
2026-04-19 22:13:41,499 [WARN] ConditionMgr:1044 - genDependencies : Invalid condition id : LAN8742 Phy interface Condition cause : null
2026-04-19 22:13:41,499 [WARN] ConditionMgr:1044 - genDependencies : Invalid condition id : LAN8742 Phy interface Condition cause : null
2026-04-19 22:13:41,507 [WARN] PackLoader:240 - Cannot read IP mode file for STMicroelectronics.X-CUBE-SFXS2LP1.4.0.0
2026-04-19 22:13:41,513 [WARN] PackLoader:240 - Cannot read IP mode file for STMicroelectronics.X-CUBE-WB05N.2.1.0
2026-04-19 22:13:41,517 [ERROR] Engine:466 - C:\Users\johra\.stm32cubemx\thirdparties\pdsc\STMicroelectronics.X-CUBE-ST67W61.1.2.0.pdsc: PDSC version is not supported
2026-04-19 22:13:41,532 [WARN] PackLoader:240 - Cannot read IP mode file for STMicroelectronics.X-CUBE-AZRTOS-H7.3.3.0
2026-04-19 22:13:41,544 [WARN] PackLoader:240 - Cannot read IP mode file for STMicroelectronics.X-CUBE-BLEMGR.4.1.0
2026-04-19 22:13:41,556 [WARN] PackLoader:240 - Cannot read IP mode file for STMicroelectronics.X-CUBE-IPS.3.0.0
2026-04-19 22:13:41,570 [WARN] ConditionMgr:438 - getConditionDescription Invalid condition id : UX DEVICE CLASS RTOS Condition cause : null
2026-04-19 22:13:41,570 [WARN] ConditionMgr:438 - getConditionDescription Invalid condition id : UX DEVICE CLASS RTOS Condition cause : null
2026-04-19 22:13:41,572 [WARN] PackLoader:240 - Cannot read IP mode file for STMicroelectronics.X-CUBE-AZRTOS-WB.2.0.0
2026-04-19 22:13:41,573 [WARN] ConditionMgr:1044 - genDependencies : Invalid condition id : UX DEVICE CLASS RTOS Condition cause : null
2026-04-19 22:13:41,573 [WARN] ConditionMgr:1044 - genDependencies : Invalid condition id : UX DEVICE CLASS RTOS Condition cause : null
2026-04-19 22:13:41,573 [WARN] ConditionMgr:1044 - genDependencies : Invalid condition id : UX DEVICE CLASS RTOS Condition cause : null
2026-04-19 22:13:41,573 [WARN] ConditionMgr:1044 - genDependencies : Invalid condition id : UX DEVICE CLASS RTOS Condition cause : null
2026-04-19 22:13:41,573 [WARN] ConditionMgr:1044 - genDependencies : Invalid condition id : UX DEVICE CLASS RTOS Condition cause : null
2026-04-19 22:13:41,581 [WARN] PackLoader:240 - Cannot read IP mode file for STMicroelectronics.X-CUBE-GNSS1.7.0.0
2026-04-19 22:13:41,586 [WARN] PackLoader:240 - Cannot read IP mode file for STMicroelectronics.X-CUBE-GNSS1.7.0.1
2026-04-19 22:13:41,594 [WARN] PackLoader:240 - Cannot read IP mode file for STMicroelectronics.X-CUBE-TOUCHGFX.4.25.0
2026-04-19 22:13:41,605 [WARN] PackLoader:240 - Cannot read IP mode file for STMicroelectronics.FP-SNS-STBOX1.2.0.0
2026-04-19 22:13:41,616 [WARN] PackLoader:240 - Cannot read IP mode file for STMicroelectronics.X-CUBE-STSE01.2.0.0
2026-04-19 22:13:41,628 [WARN] PackLoader:240 - Cannot read IP mode file for STMicroelectronics.X-CUBE-SUBG2.5.0.0
2026-04-19 22:13:41,655 [WARN] PackLoader:240 - Cannot read IP mode file for STMicroelectronics.X-CUBE-AZRTOS-H7RS.1.1.0
2026-04-19 22:13:41,665 [WARN] PackLoader:240 - Cannot read IP mode file for Cesanta.I-CUBE-Mongoose.7.13.0
2026-04-19 22:13:41,679 [WARN] PackLoader:240 - Cannot read IP mode file for STMicroelectronics.X-CUBE-AZRTOS-G4.2.0.0
2026-04-19 22:13:41,684 [WARN] PackLoader:240 - Cannot read IP mode file for STMicroelectronics.X-CUBE-NFC7.2.0.0
2026-04-19 22:13:41,695 [WARN] PackLoader:240 - Cannot read IP mode file for STMicroelectronics.X-CUBE-IPS.3.1.0
2026-04-19 22:13:41,704 [WARN] PackLoader:240 - Cannot read IP mode file for STMicroelectronics.X-CUBE-ALS.1.0.2
2026-04-19 22:13:41,708 [WARN] PackLoader:240 - Cannot read IP mode file for STMicroelectronics.X-CUBE-TOUCHGFX.4.24.2
2026-04-19 22:13:41,713 [WARN] PackLoader:240 - Cannot read IP mode file for STMicroelectronics.X-CUBE-TOUCHGFX.4.24.1
2026-04-19 22:13:41,719 [WARN] PackLoader:240 - Cannot read IP mode file for STMicroelectronics.X-CUBE-STSE01.1.0.0
2026-04-19 22:13:41,727 [WARN] PackLoader:240 - Cannot read IP mode file for wolfSSL.I-CUBE-wolfTPM.3.4.0
2026-04-19 22:13:41,734 [WARN] PackLoader:240 - Cannot read IP mode file for portGmbH.I-Cube-SoM-uGOAL.1.1.0
2026-04-19 22:13:41,749 [WARN] PackLoader:240 - Cannot read IP mode file for STMicroelectronics.X-CUBE-AZRTOS-H7RS.1.0.0
2026-04-19 22:13:41,762 [WARN] PackLoader:240 - Cannot read IP mode file for STMicroelectronics.X-CUBE-TOF1.3.4.2
2026-04-19 22:13:41,776 [WARN] PackLoader:240 - Cannot read IP mode file for STMicroelectronics.X-CUBE-TOF1.3.4.3
2026-04-19 22:13:41,790 [WARN] PackLoader:240 - Cannot read IP mode file for wolfSSL.I-CUBE-wolfSSH.1.4.17
2026-04-19 22:13:41,791 [INFO] ThirdParty:978 - Integrity check success = true
2026-04-19 22:13:41,791 [INFO] IntegrityCheckThread:100 - exiting critical section [integrity check]
2026-04-19 22:13:41,791 [INFO] IntegrityCheckThread:103 - End integrity checks thread
2026-04-19 22:14:27,500 [ERROR] LogOutputStream:75 - [STDERR_REDIRECT] 
